Clock: clk
Sources: clk 
Generated: no
Virtual: yes
Propagated: no
Period: 10.000000

===========================================================================
report_clock_properties
============================================================================
Clock                   Period          Waveform
----------------------------------------------------
clk                  10.000000    0.000000  5.000000

===========================================================================
report_clock_latency
============================================================================
Clock clk
rise -> rise
    min     max
0.000000 0.000000 source latency
0.271530         network latency _20_/CLK
        0.300423 network latency _22_/CLK
---------------
0.271530 0.300423 latency
        0.028893 skew

fall -> fall
    min     max
0.000000 0.000000 source latency
0.271439         network latency _20_/CLK
        0.300295 network latency _22_/CLK
---------------
0.271439 0.300295 latency
        0.028856 skew



===========================================================================
report_clock_min_period
============================================================================
clk period_min = 1.23 fmax = 815.47
