
===========================================================================
 report_power
============================================================================
======================= nom_tt_025C_1v80 Corner ===================================

Group                    Internal    Switching      Leakage        Total
                            Power        Power        Power        Power (Watts)
------------------------------------------------------------------------
Sequential           1.630493e-05 0.000000e+00 4.597940e-11 1.630497e-05  21.2%
Combinational        4.260612e-07 6.162995e-07 5.769516e-11 1.042418e-06   1.4%
Clock                5.063858e-05 8.770658e-06 2.184114e-10 5.940946e-05  77.4%
Macro                0.000000e+00 0.000000e+00 0.000000e+00 0.000000e+00   0.0%
Pad                  0.000000e+00 0.000000e+00 0.000000e+00 0.000000e+00   0.0%
------------------------------------------------------------------------
Total                6.736957e-05 9.386958e-06 3.220859e-10 7.675685e-05 100.0%
                            87.8%        12.2%         0.0%
Writing metric power__internal__total: 6.736956856912002e-5
Writing metric power__switching__total: 9.386957572132815e-6
Writing metric power__leakage__total: 3.2208585798443323e-10
Writing metric power__total: 7.675684901187196e-5

