100. Printing statistics.

=== counter ===

        +----------Local Count, excluding submodules.
        |        +-Local Area, excluding submodules.
        |        | 
       13        - wires
       16        - wire bits
        3        - public wires
        6        - public wire bits
        3        - ports
        6        - port bits
       14  178.922 cells
        1    8.758   sky130_fd_sc_hd__a21oi_2
        1    7.507   sky130_fd_sc_hd__and3_2
        4  105.101   sky130_fd_sc_hd__dfrtp_2
        5   18.768   sky130_fd_sc_hd__inv_2
        1    6.256   sky130_fd_sc_hd__nor2_2
        2   32.531   sky130_fd_sc_hd__xor2_2

   Chip area for module '\counter': 178.921600
     of which used for sequential elements: 105.100800 (58.74%)

